../Core/Src/main.c:67:1:__io_putchar	16	static
../Core/Src/main.c:73:6:adxl_write	32	static
../Core/Src/main.c:84:6:adxl_read	32	static
../Core/Src/main.c:94:6:adxl_init	8	static
../Core/Src/main.c:117:5:main	144	static
../Core/Src/main.c:182:6:SystemClock_Config	88	static
../Core/Src/main.c:224:13:MX_I2C2_Init	8	static
../Core/Src/main.c:258:13:MX_USART1_UART_Init	8	static
../Core/Src/main.c:291:13:MX_USART2_UART_Init	8	static
../Core/Src/main.c:324:13:MX_GPIO_Init	16	static
../Core/Src/main.c:345:6:Error_Handler	4	static,ignoring_inline_asm
